I'm sorry, but errors were detected in your script. Please correct the
errors listed below, and try again.


File "game/screens.rpy", line 1147: 'name_text_outlines' is not a keyword argument or valid child of the label statement.
    name_text_outlines [(2, "#000000", 0, 0)]
                      ^

Ren'Py Version: Ren'Py 8.2.2.24061201
Mon Sep 30 18:59:33 2024
